ERR-204 | PAY20260529A | E0050 | VALIDATION: OUT-OF-BOUNDS ATTENDANCE DAYS (0-31)
ERR-102 | PAY20260529A | E0999 | RECONCILIATION: MASTER RECORD MISSING (ORPHAN)
ERR-101 | PAY20260529A | E0110 | RECONCILIATION: ATTENDANCE RECORD MISSING IN LOG
ERR-104 | PAY20260529A | E0320 | VALIDATION: DUPLICATE EMPLOYEE ID IN ATTENDANCE
ERR-202 | PAY20260529A | E0340 | VALIDATION: OUT-OF-BOUNDS TAX PERCENTAGE (0-50%)
ERR-203 | PAY20260529A | E0440 | VALIDATION: NEGATIVE OR EXCESSIVE OVERTIME HOURS
ERR-101 | PAY20260529A | E0480 | RECONCILIATION: ATTENDANCE RECORD MISSING IN LOG
ERR-201 | PAY20260529A | E0250 | VALIDATION: ZERO OR NEGATIVE BASIC SALARY VALUE
